Test log entry.
